[2026-03-27 21:08:14.860] [info][startup] Logger session started.
[2026-03-27 21:08:14.860] [info][startup] Log directory: G:\DEV\СPP\HLengine\host\build\logs
[2026-03-27 21:08:14.860] [info][startup] Session id: 20260327_210814
[2026-03-27 21:08:14.860] [info][startup] Max file size: 10485760 bytes
[2026-03-27 21:08:14.861] [info][startup] Current file path: G:\DEV\СPP\HLengine\host\build\logs\hlhost_20260327_210814_part01.log
[2026-03-27 21:08:14.861] [info][startup] Summary file path: G:\DEV\СPP\HLengine\host\build\logs\hlhost_20260327_210814_summary.log
[2026-03-27 21:08:14.861] [info][startup] hlhost startup initiated.
[2026-03-27 21:08:14.861] [info][startup] Current working directory: G:\DEV\СPP\HLengine
[2026-03-27 21:08:14.862] [info][startup] Executable path: G:\DEV\СPP\HLengine\host\build\host\Debug\hlhost.exe
[2026-03-27 21:08:14.862] [error][filesystem] Could not locate a valid 'valve' directory near the executable or project root.
[2026-03-27 21:08:14.863] [warn][filesystem] Checked candidate directories:
[2026-03-27 21:08:14.863] [warn][filesystem]   - G:\DEV\СPP\HLengine\host\build\host\Debug\valve
[2026-03-27 21:08:14.863] [warn][filesystem]   - G:\DEV\СPP\HLengine\host\build\host\valve
[2026-03-27 21:08:14.863] [warn][filesystem]   - G:\DEV\СPP\HLengine\host\build\valve
[2026-03-27 21:08:14.863] [warn][filesystem]   - G:\DEV\СPP\HLengine\host\valve
[2026-03-27 21:08:14.863] [warn][filesystem]   - G:\DEV\СPP\HLengine\valve
[2026-03-27 21:08:14.863] [warn][filesystem]   - G:\DEV\СPP\valve
[2026-03-27 21:08:14.863] [warn][filesystem]   - G:\DEV\valve
[2026-03-27 21:08:14.863] [warn][filesystem]   - G:\valve
[2026-03-27 21:08:14.863] [info][summary] Logger shutdown: total log files created=2, total bytes written=4983, repeat suppressions=0
[2026-03-27 21:08:14.864] [info][summary] Logger shutdown paths: G:\DEV\СPP\HLengine\host\build\logs\hlhost_20260327_210814_part01.log; G:\DEV\СPP\HLengine\host\build\logs\hlhost_20260327_210814_summary.log
