[2026-03-29 22:21:21.957] [info][startup] Logger session started.
[2026-03-29 22:21:21.957] [info][startup] Log directory: G:\DEV\СPP\HLengine\host\logs\latest\runtime
[2026-03-29 22:21:21.958] [info][startup] Session id: 20260329_222121
[2026-03-29 22:21:21.958] [info][startup] Max file size: 10485760 bytes
[2026-03-29 22:21:21.959] [info][startup] Current file path: G:\DEV\СPP\HLengine\host\logs\latest\runtime\hlhost_20260329_222121_part01.log
[2026-03-29 22:21:21.960] [info][startup] Summary file path: G:\DEV\СPP\HLengine\host\logs\latest\runtime\hlhost_20260329_222121_summary.log
[2026-03-29 22:21:21.960] [info][startup] hlhost startup initiated.
[2026-03-29 22:21:21.961] [info][startup] Current working directory: C:\Users\admin
[2026-03-29 22:21:21.961] [info][startup] Executable path: G:\DEV\СPP\HLengine\out\build\vs2022-win32\host\Debug\hlhost.exe
[2026-03-29 22:21:21.990] [info][summary] DLL smoke test summary:
[2026-03-29 22:21:21.990] [info][summary] Valve directory: OK
[2026-03-29 22:21:21.990] [info][summary] hl.dll: loaded
[2026-03-29 22:21:21.991] [info][summary] hl.dll exports: 2/2
[2026-03-29 22:21:21.991] [info][summary] client.dll: loaded
[2026-03-29 22:21:21.991] [info][summary] client.dll exports: 5/5
[2026-03-29 22:21:21.995] [info][startup] Frame bootstrap config: frames=1800, frametime=0.050000, think_limit=32, use_limit=64, scheduled_use_limit=128, path_arrival_epsilon=24.000000, trace_scripted=0, trace_movement=0, trace_think=0, trace_callbacks=0, log_frame_sample=10, log_state_changes_only=1, stop_on_first_message=0, stop_on_changelevel_request=0, stop_on_node=<none>
[2026-03-29 22:21:21.999] [info][summary] Frame bootstrap requested: frames=1800, frametime=0.050000, think_limit=32, use_limit=64, scheduled_use_limit=128, path_arrival_epsilon=24.000000, trace_scripted=0, trace_movement=0, trace_think=0, log_frame_sample=10, log_state_changes_only=1, stop_on_first_message=0, stop_on_changelevel_request=0, stop_on_node=<none>
[2026-03-29 22:21:22.019] [warn][general] Duplicate cvar registration detected for 'mp_defaultteam'.
[2026-03-29 22:21:27.732] [warn][general] pfnSetModel received a model that was not precached yet; auto-registering: *1
[2026-03-29 22:21:27.919] [warn][general] pfnSetModel received a model that was not precached yet; auto-registering: *3
[2026-03-29 22:21:27.923] [warn][general] pfnSetModel received a model that was not precached yet; auto-registering: *4
[2026-03-29 22:21:28.074] [warn][general] pfnSetModel received a model that was not precached yet; auto-registering: *5
[2026-03-29 22:21:29.048] [warn][general] CFG references unsupported command/cvar 'pausable' in D:\Steam\steamapps\common\Half-Life\valve\spserver.cfg:4; skipping.
[2026-03-29 22:21:29.050] [warn][general] Server activation: pruning helper edict before activation: edict#2 classname=<empty> modelindex=0 spawned=no removed=no deferred=no private=yes activate=no
[2026-03-29 22:21:29.051] [warn][general] Server activation: pruning helper edict before activation: edict#3 classname=bodyque modelindex=0 spawned=no removed=no deferred=no private=yes activate=no
[2026-03-29 22:21:29.051] [warn][general] Server activation: pruning helper edict before activation: edict#4 classname=bodyque modelindex=0 spawned=no removed=no deferred=no private=yes activate=no
[2026-03-29 22:21:29.051] [warn][general] Server activation: pruning helper edict before activation: edict#5 classname=bodyque modelindex=0 spawned=no removed=no deferred=no private=yes activate=no
[2026-03-29 22:21:29.051] [warn][general] Server activation: pruning helper edict before activation: edict#6 classname=bodyque modelindex=0 spawned=no removed=no deferred=no private=yes activate=no
[2026-03-29 22:21:29.556] [warn][think] EntityThinkScheduler: deferred classname=scripted_sequence reason=class deferred by safe lifecycle policy.
[2026-03-29 22:24:07.345] [warn][think] previous line repeated 12660 times
[2026-03-29 22:24:07.345] [info][summary] hl.dll shim summary:
[2026-03-29 22:24:07.345] [info][summary]   - load/init: hl.dll=yes, GiveFnptrsToDll=yes, GetEntityAPI2=yes, DLL_FUNCTIONS=yes, pfnGameInit=yes
[2026-03-29 22:24:07.345] [info][summary]   - cfg/cvars: executed_cfg=3, queued_cmds=3, executed_cmds=3, cvars_from_cfg=252, auto_created_cvars=2
[2026-03-29 22:24:07.346] [info][summary]   - world/bootstrap: world=yes, entity_pipeline=yes, worldspawn=yes, ServerActivate=yes
[2026-03-29 22:24:07.346] [info][summary]   - frame bootstrap: frames=1800, frametime=0.050000, think_limit=32, use_limit=64, scheduled_use_limit=128, sample=10, state_changes_only=yes, trace_scripted=no, trace_movement=no, trace_think=no, trace_callbacks=no
[2026-03-29 22:24:07.346] [info][summary]   - frame loop: requested=1800, completed=1800, stopped_early=no, final_time=90.000893, any_seh=no
[2026-03-29 22:24:07.347] [info][summary]   - logger: repeat_suppressions=37970, total_bytes_written=9348517
[2026-03-29 22:24:07.347] [info][summary]   - think scheduler: due/executed/deferred/failures=12663/2/12661/0
[2026-03-29 22:24:07.347] [info][summary]   - use-target dispatcher: chains/resolutions/use_ok/use_deferred/use_failures=12/13/8/0/0
[2026-03-29 22:24:07.348] [info][summary]   - trigger_changelevel: candidate={map=c0a0a, landmark=c0a0toa, source=trigger_changelevel} staged_supported=yes, deferred=yes, pending_changelevel_request={map=c0a0a, landmark=c0a0toa, source=trigger_changelevel}, note=captured from staged-safe moving host-only single-player activator surrogate touch overlap (anchor=ftruck_a origin=-2807.65 -2183.44 449 yaw=321.622406 localOffset=-119 -32 65 surrogateOrigin=-2687 -2158.35 514 start=info_player_start origin=2864 2804 514); no map load performed
[2026-03-29 22:24:07.348] [info][summary]   - changelevel_transition_intent: captured=yes, consumed=yes, handoffLatched=yes, worldFrozen=no, stopRequested=no, action=no-op handoff boundary, requestedMap=c0a0a, landmark=c0a0toa, requestFrame=723, requestTime=36.149734, note=pending_changelevel_request consumed into staged-safe host transition intent; latch-only continuation remains active and no map load performed
[2026-03-29 22:24:07.348] [info][summary]   - pre_changelevel_handoff: active=yes, handoffLatched=yes, worldFrozen=no, stopRequested=no, action=no-op handoff boundary, requestedMap=c0a0a, landmark=c0a0toa, source=trigger_changelevel, requestFrame=723, requestTime=36.149734, worldState=latched|handoff-ready, mapLoad=no, note=staged pre-changelevel handoff latched for latch-only continuation; world remains unfrozen and no map load performed
[2026-03-29 22:24:07.349] [info][summary]   - changelevel_target_validation: currentMap=c0a0, requestedMap=c0a0a, targetMapExists=yes, landmark=c0a0toa, currentLandmark=yes, targetLandmark=yes, entityParse=ok, action=no-op dry-run validation
[2026-03-29 22:24:07.350] [info][summary]   - changelevel_lifecycle_gate: intentConsumed=yes, targetValidation=yes, bootstrapAllowed=yes, requestedMap=c0a0a, landmark=c0a0toa, action=no-op gated-ready
[2026-03-29 22:24:07.350] [info][summary]   - changelevel_lifecycle_entry: gateChecked=yes, gatePassed=yes, eligible=yes, blockedByStopMode=no, requestedMap=c0a0a, landmark=c0a0toa, action=no-op entry armed
[2026-03-29 22:24:07.350] [info][summary]   - changelevel_lifecycle_dispatch: dispatchChecked=yes, dispatchAllowed=yes, dispatchBlocked=no, decisionSource=changelevel_lifecycle_entry, requestedMap=c0a0a, landmark=c0a0toa, action=no-op dispatch armed
[2026-03-29 22:24:07.351] [info][summary]   - changelevel_lifecycle_execution: executionChecked=yes, executionArmed=yes, executionSkipped=no, decisionSource=changelevel_lifecycle_dispatch, requestedMap=c0a0a, landmark=c0a0toa, action=no-op execution armed
[2026-03-29 22:24:07.351] [info][summary]   - changelevel_bootstrap_plan: prepared=yes, skipped=no, decisionSource=changelevel_lifecycle_execution, action=prepared-no-load, currentMap=c0a0, requestedMap=c0a0a, targetBspPath=D:\Steam\steamapps\common\Half-Life\valve\maps\c0a0a.bsp, landmark=c0a0toa, targetWorldspawnPresent=yes, targetEntityParse=ok, currentLandmarkOrigin=-2345 -2292 624, targetLandmarkOrigin=-2345 -1476 175
[2026-03-29 22:24:07.351] [info][summary]   - changelevel_landmark_transform: transformComputed=yes, skipped=no, decisionSource=changelevel_bootstrap_plan, currentLandmarkOrigin=-2345 -2292 624, targetLandmarkOrigin=-2345 -1476 175, translationDelta=0 816 -449, action=no-op transform prepared
[2026-03-29 22:24:07.352] [info][summary]   - changelevel_projected_carried_origin: projected=yes, skipped=no, decisionSource=changelevel_landmark_transform, currentCarriedOrigin=-2687 -2158.35 514, translationDelta=0 816 -449, projectedTargetOrigin=-2687 -1342.35 65, action=no-op carried-origin projection
[2026-03-29 22:24:07.352] [info][summary]   - changelevel_projected_carried_orientation: projected=yes, skipped=no, decisionSource=changelevel_landmark_transform, currentLandmarkAngles=0 0 0, targetLandmarkAngles=0 0 0, currentCarriedYaw=321.622406, yawDelta=0, projectedTargetYaw=321.622406, action=no-op carried-orientation projection
[2026-03-29 22:24:07.352] [info][summary]   - changelevel_projected_transfer_snapshot: prepared=yes, skipped=no, decisionSource=projected-carried-artifacts, currentMap=c0a0, requestedMap=c0a0a, targetBspPath=D:\Steam\steamapps\common\Half-Life\valve\maps\c0a0a.bsp, landmark=c0a0toa, projectedTargetOrigin=-2687 -1342.35 65, projectedTargetYaw=321.622406, targetWorldspawnPresent=yes, targetEntityParse=ok, transferReady=yes, action=no-op transfer snapshot prepared
[2026-03-29 22:24:07.353] [info][summary]   - post_handoff_activity: handoffFrame=723, handoffTime=36.149734, postHandoffFrames=1077, postHandoffScheduledExecuted=0, postHandoffDispatchAttempts=0, postHandoffDispatchSuccesses=0, postHandoffMessages=0
[2026-03-29 22:24:07.353] [info][summary]   - post_handoff_first: firstPostHandoffAction=<none>, firstPostHandoffEntity=<none>, firstPostHandoffFrame=<none>
[2026-03-29 22:24:07.353] [info][summary]   - trigger_changelevel geometry: follow=ftruck_a, trigger_bounds=-2678 -2678 -2678..2678 2678 2678, surrogate_path_envelope=-3074.35 -2175.35 477..2908.36 2821 551, local_offset=-119 -32 65, samples=723, closest_approach=0.000000, closest_frame=723, closest_time=36.149734, closest_surrogate_origin=-2687 -2158.35 514, overlap=yes
[2026-03-29 22:24:07.354] [info][summary]   - scripted logic: frames=1800, progressed=15, long_delay pending/executed=0/0
[2026-03-29 22:24:07.354] [info][summary]   - scripted movement: frames=1800, scene_movement success/block=7/0, path arrivals/advances/messages=1/29/4
[2026-03-29 22:24:07.354] [info][summary]   - brush-door bootstrap: tracked/use-supported/moving/opened/blocked/deferred=1/0/1/0/0/0, callbacks=pfnSetOrigin
[2026-03-29 22:24:07.354] [info][summary]   - path-node callbacks exercised: pfnAlertMessage;pfnChangeYaw;pfnEntOffsetOfPEntity;pfnFindEntityByString;pfnMessageBegin;pfnMessageEnd;pfnSetOrigin;pfnUse;pfnWriteByte;pfnWriteShort
[2026-03-29 22:24:07.354] [info][summary]   - movement/path callbacks exercised: pfnAlertMessage;pfnChangeYaw;pfnEntOffsetOfPEntity;pfnFindEntityByString;pfnMessageBegin;pfnMessageEnd;pfnSetOrigin;pfnUse;pfnWalkMove;pfnWriteByte;pfnWriteShort
[2026-03-29 22:24:07.355] [info][summary]   - ftruck_a final: current=trainstop26, next=<none>, status=completed previous=trainstop25 current=trainstop26 next=<none> arrivals=29 advances=29 lastMessage=<none> dispatch=no-message blocked=<none> stopped=path completed at 'trainstop26' (dead end 'trainstop27')
[2026-03-29 22:24:07.355] [info][summary]   - first message node: trainstop8 frame=394 time=19.699986
[2026-03-29 22:24:07.356] [info][summary]   - path-event report: deepest=trainstop26, reachedMessages=trainstop8;trainstop8a;trainstop9;trainstop11, dispatch attempts/successes/deferred/failures/unresolved=4/4/0/0/0, classified resolved/no-target/unresolved/unsupported=4/0/0/0
[2026-03-29 22:24:07.357] [info][summary]   - room2train (trainstop8): reached=yes, frame=394, time=19.699986, message=room2train, dispatchAttempted=yes, dispatchResult=succeeded, classification=resolved-and-dispatched, dispatchMode=<none>, resolvedTargets=1, runtimeTargets=1, parsedTargets=1, pfnUseAttempted=no, downstream=yes, downstreamTargetChains=1, downstreamScheduledActions=0, alertCallbacks=2, messageCallbacks=0, fadeChannelAvailable=no, fadeChannelUsed=no, messageChannelAvailable=no, messageChannelUsed=no, envMessageLinkageFound=no, envMessageLinkageUsed=no, summaryFallbackUsed=no, targetClassnames=func_door, resolvedTargetDetails=runtime edict#86 classname=func_door targetname=room2train;parsed#185 classname=func_door targetname=room2train, moverSpeed=300.000000, downstreamSummary=chains=+1, resolutions=+1, alertCallbacks=+2, movementCallbacks=+1, callbackDelta=pfnAlertMessage:2;pfnSetOrigin:1, entityDelta=func_door/room2train resolutions=+1,useSuccesses=+1,doorPath=<none>->staged-bootstrap,doorSupport=use-supported->moving,doorState=closed->opening,doorMoveStarted,doorUseFrame=394,doorSource=edict#47 classname=light_spot, brushDoorUse=+1, brushDoorStateChange=yes, brushDoorMoveStarted=yes, presentationLinkage=<none>, brushDoorAttempted=yes, brushDoorPath=staged-bootstrap, brushDoorState=opening, brushDoorSupport=moving, brushDoorMoveStarted=yes, brushDoorMoveCompleted=no, brushDoorAudit=edict#86 parse#185 classname=func_door targetname=room2train live=yes removed=no deferred=yes private=yes model=*9 modelindex=0 origin=0 0 0 angles=0 90 0 movedir=-4.37114e-08 1 -0 speed=275.000000 lip=-3300.000000 wait=-1.000000 spawnflags=0 lifecycle=detected but deferred, requiredSubsystem=<none>
[2026-03-29 22:24:07.358] [info][summary]   - room2start (trainstop8a): reached=yes, frame=431, time=21.549957, message=room2start, dispatchAttempted=yes, dispatchResult=succeeded, classification=resolved-and-dispatched, dispatchMode=<none>, resolvedTargets=2, runtimeTargets=2, parsedTargets=2, pfnUseAttempted=yes, downstream=yes, downstreamTargetChains=1, downstreamScheduledActions=3, alertCallbacks=3, messageCallbacks=0, fadeChannelAvailable=no, fadeChannelUsed=no, messageChannelAvailable=no, messageChannelUsed=no, envMessageLinkageFound=no, envMessageLinkageUsed=no, summaryFallbackUsed=no, targetClassnames=multi_manager;scripted_sequence, resolvedTargetDetails=runtime edict#58 classname=multi_manager targetname=room2start;runtime edict#62 classname=scripted_sequence targetname=room2start;parsed#107 classname=multi_manager targetname=room2start;parsed#112 classname=scripted_sequence targetname=room2start, moverSpeed=250.000000, downstreamSummary=chains=+1, resolutions=+2, useAttempts=+1, useSuccesses=+1, scheduledCreated=+3, scheduledPending=+3, multiManager=+1, alertCallbacks=+3, callbackDelta=pfnAlertMessage:3, entityDelta=multi_manager/room2start resolutions=+1,pendingOutputs=+3, presentationLinkage=<none>, brushDoorAttempted=no, brushDoorPath=<none>, brushDoorState=<none>, brushDoorSupport=<none>, brushDoorMoveStarted=no, brushDoorMoveCompleted=no, brushDoorAudit=<none>, requiredSubsystem=<none>
[2026-03-29 22:24:07.358] [info][summary]   - execute_sci (trainstop9): reached=yes, frame=625, time=31.249809, message=execute_sci, dispatchAttempted=yes, dispatchResult=succeeded, classification=resolved-and-dispatched, dispatchMode=<none>, resolvedTargets=1, runtimeTargets=0, parsedTargets=1, pfnUseAttempted=no, downstream=no, downstreamTargetChains=0, downstreamScheduledActions=0, alertCallbacks=0, messageCallbacks=0, fadeChannelAvailable=no, fadeChannelUsed=no, messageChannelAvailable=no, messageChannelUsed=no, envMessageLinkageFound=no, envMessageLinkageUsed=no, summaryFallbackUsed=no, targetClassnames=trigger_relay, resolvedTargetDetails=parsed#216 classname=trigger_relay targetname=execute_sci;runtimeAudit parsed#216 edict#-1 live=no inUse=no removed=no deferred=yes support=deferred lifecycle=unknown note=allocation limit reached, moverSpeed=300.000000, downstreamSummary=none, presentationLinkage=<none>, brushDoorAttempted=no, brushDoorPath=<none>, brushDoorState=<none>, brushDoorSupport=<none>, brushDoorMoveStarted=no, brushDoorMoveCompleted=no, brushDoorAudit=<none>, requiredSubsystem=<none>
[2026-03-29 22:24:07.359] [info][summary]   - fade_out (trainstop11): reached=yes, frame=687, time=34.349762, message=fade_out, dispatchAttempted=yes, dispatchResult=succeeded, classification=resolved-and-dispatched-via-fade-channel, dispatchMode=fade-channel, resolvedTargets=1, runtimeTargets=0, parsedTargets=0, pfnUseAttempted=no, downstream=no, downstreamTargetChains=0, downstreamScheduledActions=0, alertCallbacks=0, messageCallbacks=9, fadeChannelAvailable=yes, fadeChannelUsed=yes, messageChannelAvailable=yes, messageChannelUsed=no, envMessageLinkageFound=no, envMessageLinkageUsed=no, summaryFallbackUsed=no, targetClassnames=bootstrap_screenfade, resolvedTargetDetails=handled=server-side-presentation-semantics message=ScreenFade id=95 dest=MSG_ALL(2) payloadBytes=10 duration=4096 hold=2048 flags=5 rgba=0/0/0/255 callbackPath=pfnMessageBegin;pfnWriteShort;pfnWriteShort;pfnWriteShort;pfnWriteByte;pfnWriteByte;pfnWriteByte;pfnWriteByte;pfnMessageEnd node=trainstop11 event=fade_out emitted=yes preview={MSG_ALL(2), type=95, edict#=-1, classname=<empty>, origin=<unset>, size=10, state=completed, writes=WriteShort=4096 | WriteShort=2048 | WriteShort=5 | WriteByte=0 | WriteByte=0 | WriteByte=0 | ... +1 writes}, moverSpeed=300.000000, downstreamSummary=messageCallbacks=+9, callbackDelta=pfnWriteByte:4;pfnWriteShort:3;pfnMessageBegin:1;pfnMessageEnd:1, presentationLinkage=fadeChannel=available(ScreenFade#95) messageChannel=available(TextMsg#76) envMessageLinkage=absent envMessageRuntime=0 envMessageParsed=0 envFadeRuntime=0 envFadeParsed=0 probeDetails=<none>, brushDoorAttempted=no, brushDoorPath=<none>, brushDoorState=<none>, brushDoorSupport=<none>, brushDoorMoveStarted=no, brushDoorMoveCompleted=no, brushDoorAudit=<none>, requiredSubsystem=<none>
[2026-03-29 22:24:07.359] [info][summary]   - fade_out semantics: handled=server-side-presentation-semantics message=ScreenFade id=95 dest=MSG_ALL(2) payloadBytes=10 duration=4096 hold=2048 flags=5 rgba=0/0/0/255 callbackPath=pfnMessageBegin;pfnWriteShort;pfnWriteShort;pfnWriteShort;pfnWriteByte;pfnWriteByte;pfnWriteByte;pfnWriteByte;pfnMessageEnd
[2026-03-29 22:24:07.359] [info][summary]   - readiness: execute_sci and fade_out were both reached; fade_out now routes through staged ScreenFade bootstrap while deterministic traversal stays stable
[2026-03-29 22:24:07.360] [info][summary] Regression guard passed: changelevel-latch-only-continuation
[2026-03-29 22:24:07.535] [info][summary] Host foundation reached deterministic post-activation frame bootstrap stage.
[2026-03-29 22:24:07.535] [info][summary] Logger shutdown: total log files created=2, total bytes written=9393427, repeat suppressions=37970
[2026-03-29 22:24:07.536] [info][summary] Logger shutdown paths: G:\DEV\СPP\HLengine\host\logs\latest\runtime\hlhost_20260329_222121_part01.log; G:\DEV\СPP\HLengine\host\logs\latest\runtime\hlhost_20260329_222121_summary.log
