[2026-03-29 20:42:09.615] [info][startup] Logger session started.
[2026-03-29 20:42:09.615] [info][startup] Log directory: G:\DEV\СPP\HLengine\host\logs\latest\runtime
[2026-03-29 20:42:09.615] [info][startup] Session id: 20260329_204209
[2026-03-29 20:42:09.615] [info][startup] Max file size: 10485760 bytes
[2026-03-29 20:42:09.615] [info][startup] Current file path: G:\DEV\СPP\HLengine\host\logs\latest\runtime\hlhost_20260329_204209_part01.log
[2026-03-29 20:42:09.616] [info][startup] Summary file path: G:\DEV\СPP\HLengine\host\logs\latest\runtime\hlhost_20260329_204209_summary.log
[2026-03-29 20:42:09.616] [info][startup] hlhost startup initiated.
[2026-03-29 20:42:09.616] [info][startup] Current working directory: G:\DEV\СPP\HLengine
[2026-03-29 20:42:09.617] [info][startup] Executable path: G:\DEV\СPP\HLengine\out\build\vs2022-win32\host\Debug\hlhost.exe
[2026-03-29 20:42:09.632] [info][summary] DLL smoke test summary:
[2026-03-29 20:42:09.632] [info][summary] Valve directory: OK
[2026-03-29 20:42:09.632] [info][summary] hl.dll: loaded
[2026-03-29 20:42:09.632] [info][summary] hl.dll exports: 2/2
[2026-03-29 20:42:09.632] [info][summary] client.dll: loaded
[2026-03-29 20:42:09.632] [info][summary] client.dll exports: 5/5
[2026-03-29 20:42:09.635] [info][startup] Frame bootstrap config: frames=1, frametime=0.050000, think_limit=32, use_limit=64, scheduled_use_limit=128, path_arrival_epsilon=24.000000, trace_scripted=0, trace_movement=0, trace_think=0, trace_callbacks=0, log_frame_sample=1, log_state_changes_only=0, stop_on_first_message=0, stop_on_changelevel_request=0, stop_on_node=<none>
[2026-03-29 20:42:09.639] [info][summary] Frame bootstrap requested: frames=1, frametime=0.050000, think_limit=32, use_limit=64, scheduled_use_limit=128, path_arrival_epsilon=24.000000, trace_scripted=0, trace_movement=0, trace_think=0, log_frame_sample=1, log_state_changes_only=0, stop_on_first_message=0, stop_on_changelevel_request=0, stop_on_node=<none>
[2026-03-29 20:42:09.645] [warn][general] Duplicate cvar registration detected for 'mp_defaultteam'.
[2026-03-29 20:42:11.146] [warn][general] pfnSetModel received a model that was not precached yet; auto-registering: *1
[2026-03-29 20:42:11.196] [warn][general] pfnSetModel received a model that was not precached yet; auto-registering: *3
[2026-03-29 20:42:11.198] [warn][general] pfnSetModel received a model that was not precached yet; auto-registering: *4
[2026-03-29 20:42:11.268] [warn][general] pfnSetModel received a model that was not precached yet; auto-registering: *5
[2026-03-29 20:42:11.578] [warn][general] CFG references unsupported command/cvar 'pausable' in D:\Steam\steamapps\common\Half-Life\valve\spserver.cfg:4; skipping.
[2026-03-29 20:42:11.579] [warn][general] Server activation: pruning helper edict before activation: edict#2 classname=<empty> modelindex=0 spawned=no removed=no deferred=no private=yes activate=no
[2026-03-29 20:42:11.579] [warn][general] Server activation: pruning helper edict before activation: edict#3 classname=bodyque modelindex=0 spawned=no removed=no deferred=no private=yes activate=no
[2026-03-29 20:42:11.579] [warn][general] Server activation: pruning helper edict before activation: edict#4 classname=bodyque modelindex=0 spawned=no removed=no deferred=no private=yes activate=no
[2026-03-29 20:42:11.579] [warn][general] Server activation: pruning helper edict before activation: edict#5 classname=bodyque modelindex=0 spawned=no removed=no deferred=no private=yes activate=no
[2026-03-29 20:42:11.579] [warn][general] Server activation: pruning helper edict before activation: edict#6 classname=bodyque modelindex=0 spawned=no removed=no deferred=no private=yes activate=no
[2026-03-29 20:42:11.792] [info][summary] hl.dll shim summary:
[2026-03-29 20:42:11.792] [info][summary]   - load/init: hl.dll=yes, GiveFnptrsToDll=yes, GetEntityAPI2=yes, DLL_FUNCTIONS=yes, pfnGameInit=yes
[2026-03-29 20:42:11.792] [info][summary]   - cfg/cvars: executed_cfg=3, queued_cmds=3, executed_cmds=3, cvars_from_cfg=252, auto_created_cvars=2
[2026-03-29 20:42:11.792] [info][summary]   - world/bootstrap: world=yes, entity_pipeline=yes, worldspawn=yes, ServerActivate=yes
[2026-03-29 20:42:11.792] [info][summary]   - frame bootstrap: frames=1, frametime=0.050000, think_limit=32, use_limit=64, scheduled_use_limit=128, sample=1, state_changes_only=no, trace_scripted=no, trace_movement=no, trace_think=no, trace_callbacks=no
[2026-03-29 20:42:11.792] [info][summary]   - frame loop: requested=1, completed=1, stopped_early=no, final_time=0.050000, any_seh=no
[2026-03-29 20:42:11.792] [info][summary]   - logger: repeat_suppressions=0, total_bytes_written=9315670
[2026-03-29 20:42:11.792] [info][summary]   - think scheduler: due/executed/deferred/failures=0/0/0/0
[2026-03-29 20:42:11.792] [info][summary]   - use-target dispatcher: chains/resolutions/use_ok/use_deferred/use_failures=0/0/0/0/0
[2026-03-29 20:42:11.793] [info][summary]   - trigger_changelevel: candidate={map=c0a0a, landmark=c0a0toa, source=trigger_changelevel} staged_supported=yes, deferred=yes, pending_changelevel_request=<none>, note=not exercised: moving host-only single-player activator surrogate followed ftruck_a but no overlap candidate was observed
[2026-03-29 20:42:11.793] [info][summary]   - trigger_changelevel geometry: follow=ftruck_a, trigger_bounds=-2678 -2678 -2678..2678 2678 2678, surrogate_path_envelope=2847 2787 477..2881 2821 551, local_offset=-119 -32 65, samples=1, closest_approach=201.101959, closest_frame=1, closest_time=0.050000, closest_surrogate_origin=2864 2804 514, overlap=no
[2026-03-29 20:42:11.793] [info][summary]   - scripted logic: frames=1, progressed=15, long_delay pending/executed=0/0
[2026-03-29 20:42:11.793] [info][summary]   - scripted movement: frames=1, scene_movement success/block=0/0, path arrivals/advances/messages=0/0/0
[2026-03-29 20:42:11.793] [info][summary]   - brush-door bootstrap: tracked/use-supported/moving/opened/blocked/deferred=1/1/0/0/0/0, callbacks=<none>
[2026-03-29 20:42:11.793] [info][summary]   - path-node callbacks exercised: pfnSetOrigin
[2026-03-29 20:42:11.793] [info][summary]   - movement/path callbacks exercised: pfnSetOrigin
[2026-03-29 20:42:11.793] [info][summary]   - ftruck_a final: current=trainstop1, next=trainstop1a, status=graph-bound previous=<none> current=trainstop1 next=trainstop1a arrivals=0 advances=0 lastMessage=<none> dispatch=<none> blocked=<none> stopped=<none>
[2026-03-29 20:42:11.793] [info][summary]   - path-event report: deepest=<none>, reachedMessages=<none>, dispatch attempts/successes/deferred/failures/unresolved=0/0/0/0/0, classified resolved/no-target/unresolved/unsupported=0/0/0/0
[2026-03-29 20:42:11.794] [info][summary]   - room2train (trainstop8): reached=no, frame=<none>, time=<none>, message=<none>, dispatchAttempted=no, dispatchResult=not-reached, classification=<none>, dispatchMode=<none>, resolvedTargets=0, runtimeTargets=0, parsedTargets=0, pfnUseAttempted=no, downstream=no, downstreamTargetChains=0, downstreamScheduledActions=0, alertCallbacks=0, messageCallbacks=0, fadeChannelAvailable=no, fadeChannelUsed=no, messageChannelAvailable=no, messageChannelUsed=no, envMessageLinkageFound=no, envMessageLinkageUsed=no, summaryFallbackUsed=no, targetClassnames=<none>, resolvedTargetDetails=<none>, moverSpeed=0.000000, downstreamSummary=<none>, presentationLinkage=<none>, brushDoorAttempted=no, brushDoorPath=<none>, brushDoorState=<none>, brushDoorSupport=<none>, brushDoorMoveStarted=no, brushDoorMoveCompleted=no, brushDoorAudit=<none>, requiredSubsystem=<none>
[2026-03-29 20:42:11.794] [info][summary]   - room2start (trainstop8a): reached=no, frame=<none>, time=<none>, message=<none>, dispatchAttempted=no, dispatchResult=not-reached, classification=<none>, dispatchMode=<none>, resolvedTargets=0, runtimeTargets=0, parsedTargets=0, pfnUseAttempted=no, downstream=no, downstreamTargetChains=0, downstreamScheduledActions=0, alertCallbacks=0, messageCallbacks=0, fadeChannelAvailable=no, fadeChannelUsed=no, messageChannelAvailable=no, messageChannelUsed=no, envMessageLinkageFound=no, envMessageLinkageUsed=no, summaryFallbackUsed=no, targetClassnames=<none>, resolvedTargetDetails=<none>, moverSpeed=0.000000, downstreamSummary=<none>, presentationLinkage=<none>, brushDoorAttempted=no, brushDoorPath=<none>, brushDoorState=<none>, brushDoorSupport=<none>, brushDoorMoveStarted=no, brushDoorMoveCompleted=no, brushDoorAudit=<none>, requiredSubsystem=<none>
[2026-03-29 20:42:11.794] [info][summary]   - execute_sci (trainstop9): reached=no, frame=<none>, time=<none>, message=<none>, dispatchAttempted=no, dispatchResult=not-reached, classification=<none>, dispatchMode=<none>, resolvedTargets=0, runtimeTargets=0, parsedTargets=0, pfnUseAttempted=no, downstream=no, downstreamTargetChains=0, downstreamScheduledActions=0, alertCallbacks=0, messageCallbacks=0, fadeChannelAvailable=no, fadeChannelUsed=no, messageChannelAvailable=no, messageChannelUsed=no, envMessageLinkageFound=no, envMessageLinkageUsed=no, summaryFallbackUsed=no, targetClassnames=<none>, resolvedTargetDetails=<none>, moverSpeed=0.000000, downstreamSummary=<none>, presentationLinkage=<none>, brushDoorAttempted=no, brushDoorPath=<none>, brushDoorState=<none>, brushDoorSupport=<none>, brushDoorMoveStarted=no, brushDoorMoveCompleted=no, brushDoorAudit=<none>, requiredSubsystem=<none>
[2026-03-29 20:42:11.794] [info][summary]   - fade_out (trainstop11): reached=no, frame=<none>, time=<none>, message=<none>, dispatchAttempted=no, dispatchResult=not-reached, classification=<none>, dispatchMode=<none>, resolvedTargets=0, runtimeTargets=0, parsedTargets=0, pfnUseAttempted=no, downstream=no, downstreamTargetChains=0, downstreamScheduledActions=0, alertCallbacks=0, messageCallbacks=0, fadeChannelAvailable=no, fadeChannelUsed=no, messageChannelAvailable=no, messageChannelUsed=no, envMessageLinkageFound=no, envMessageLinkageUsed=no, summaryFallbackUsed=no, targetClassnames=<none>, resolvedTargetDetails=<none>, moverSpeed=0.000000, downstreamSummary=<none>, presentationLinkage=<none>, brushDoorAttempted=no, brushDoorPath=<none>, brushDoorState=<none>, brushDoorSupport=<none>, brushDoorMoveStarted=no, brushDoorMoveCompleted=no, brushDoorAudit=<none>, requiredSubsystem=<none>
[2026-03-29 20:42:11.794] [info][summary]   - readiness: movement bootstrap is diagnosable; resolve the top blocked reason next
[2026-03-29 20:42:11.801] [info][summary] Host foundation reached deterministic post-activation frame bootstrap stage.
[2026-03-29 20:42:11.801] [info][summary] Logger shutdown: total log files created=2, total bytes written=9336580, repeat suppressions=0
[2026-03-29 20:42:11.801] [info][summary] Logger shutdown paths: G:\DEV\СPP\HLengine\host\logs\latest\runtime\hlhost_20260329_204209_part01.log; G:\DEV\СPP\HLengine\host\logs\latest\runtime\hlhost_20260329_204209_summary.log
