g:\dev\сpp\hlengine\host\build32\host\debug\game_api.pdb
g:\dev\сpp\hlengine\host\build32\host\game_api.dir\debug\hl_server_module.obj
g:\dev\сpp\hlengine\host\build32\host\game_api.dir\debug\game_module_loader.obj
g:\dev\сpp\hlengine\host\build32\host\game_api.dir\debug\entity_var_access.obj
g:\dev\сpp\hlengine\host\build32\host\game_api.dir\debug\entity_text_block.obj
g:\dev\сpp\hlengine\host\build32\host\game_api.dir\debug\path_traversal_controller.obj
g:\dev\сpp\hlengine\host\build32\host\game_api.dir\debug\path_mover_controller.obj
g:\dev\сpp\hlengine\host\build32\host\game_api.dir\debug\path_node_event_dispatcher.obj
g:\dev\сpp\hlengine\host\build32\host\game_api.dir\debug\path_node_message_runtime.obj
g:\dev\сpp\hlengine\host\build32\host\game_api.dir\debug\path_node_event_semantics_controller.obj
g:\dev\сpp\hlengine\host\build32\host\game_api.dir\debug\path_advance_controller.obj
g:\dev\сpp\hlengine\host\build32\host\game_api.dir\debug\path_arrival_calibrator.obj
g:\dev\сpp\hlengine\host\build32\host\game_api.dir\debug\path_mover_runtime.obj
g:\dev\сpp\hlengine\host\build32\host\game_api.dir\debug\map_logic_dispatcher.obj
g:\dev\сpp\hlengine\host\build32\host\game_api.dir\debug\entity_lump_parser.obj
g:\dev\сpp\hlengine\host\build32\host\game_api.dir\debug\brush_door_bootstrap_controller.obj
g:\dev\сpp\hlengine\host\build32\host\game_api.dir\debug\entity_think_scheduler.obj
g:\dev\сpp\hlengine\host\build32\host\game_api.dir\debug\dll_search_directories.obj
g:\dev\сpp\hlengine\host\build32\host\game_api.dir\debug\dll_module.obj
g:\dev\сpp\hlengine\host\build32\host\game_api.dir\debug\cvar_registry.obj
g:\dev\сpp\hlengine\host\build32\host\game_api.dir\debug\cfg_executor.obj
g:\dev\сpp\hlengine\host\build32\host\game_api.dir\debug\win32_error.obj
g:\dev\сpp\hlengine\host\build32\host\game_api.dir\debug\world_bootstrap.obj
g:\dev\сpp\hlengine\host\build32\host\game_api.dir\debug\track_path_resolver.obj
g:\dev\сpp\hlengine\host\build32\host\game_api.dir\debug\spawn_trace.obj
g:\dev\сpp\hlengine\host\build32\host\game_api.dir\debug\sound_precache_registry.obj
g:\dev\сpp\hlengine\host\build32\host\game_api.dir\debug\server_frame_loop.obj
g:\dev\сpp\hlengine\host\build32\host\game_api.dir\debug\server_command_dispatcher.obj
g:\dev\сpp\hlengine\host\build32\host\game_api.dir\debug\server_command_buffer.obj
g:\dev\сpp\hlengine\host\build32\host\game_api.dir\debug\server_bootstrap.obj
g:\dev\сpp\hlengine\host\build32\host\game_api.dir\debug\scripted_movement_controller.obj
g:\dev\сpp\hlengine\host\build32\host\game_api.dir\debug\scripted_logic_tracker.obj
g:\dev\сpp\hlengine\host\build32\host\cmakefiles\generate.stamp
g:\dev\сpp\hlengine\host\build32\host\debug\game_api.lib
g:\dev\сpp\hlengine\host\build32\host\game_api.dir\debug\game_api.tlog\cl.command.1.tlog
g:\dev\сpp\hlengine\host\build32\host\game_api.dir\debug\game_api.tlog\cl.items.tlog
g:\dev\сpp\hlengine\host\build32\host\game_api.dir\debug\game_api.tlog\cl.read.1.tlog
g:\dev\сpp\hlengine\host\build32\host\game_api.dir\debug\game_api.tlog\cl.write.1.tlog
g:\dev\сpp\hlengine\host\build32\host\game_api.dir\debug\game_api.tlog\custombuild.command.1.tlog
g:\dev\сpp\hlengine\host\build32\host\game_api.dir\debug\game_api.tlog\custombuild.read.1.tlog
g:\dev\сpp\hlengine\host\build32\host\game_api.dir\debug\game_api.tlog\custombuild.write.1.tlog
g:\dev\сpp\hlengine\host\build32\host\game_api.dir\debug\game_api.tlog\lib-link.read.1.tlog
g:\dev\сpp\hlengine\host\build32\host\game_api.dir\debug\game_api.tlog\lib-link.write.1.tlog
g:\dev\сpp\hlengine\host\build32\host\game_api.dir\debug\game_api.tlog\lib.command.1.tlog
